Using Cachix caches: devenv
Building shell in 102ms
Running tasks     devenv:enterShell

Running           devenv:files:cleanup
Succeeded         devenv:files:cleanup (15.21ms)
Running           devenv:enterShell
Succeeded         devenv:enterShell (12.49ms)
Running           devenv:enterTest
No command        devenv:enterTest
1 Skipped, 2 Succeeded
✨ devenv 1.11.1 is out of date. Please update to 2.0.3: https://devenv.sh/getting-started/#installation
Resolving 1 system library(ies)...
  raylib: found via pkg-config (raylib)
Building raylib_yo v0.0.1-2-g7541a91 → yo-out/bin/raylib_yo
Generated C code written to /home/yiyiwang/Workspace/raylib_yo/yo-out/bin/raylib_yo.c
Bundled mimalloc not found, falling back to standard malloc
Using system liburing for async I/O
Compiling with: clang -std=c11 -w -O3 /home/yiyiwang/Workspace/raylib_yo/yo-out/bin/raylib_yo.c -I/nix/store/06rnravqpz3jn9xw1kvc98ad9xipi0qx-raylib-5.5-unstable-2026-01-20/include -L/nix/store/06rnravqpz3jn9xw1kvc98ad9xipi0qx-raylib-5.5-unstable-2026-01-20/lib -lraylib -luring -o /home/yiyiwang/Workspace/raylib_yo/yo-out/bin/raylib_yo
Successfully compiled to /home/yiyiwang/Workspace/raylib_yo/yo-out/bin/raylib_yo
Building raylib_yo v0.0.1-2-g7541a91 → yo-out/lib/libraylib_yo-lib.a
Generated C code written to /home/yiyiwang/Workspace/raylib_yo/yo-out/lib/libraylib_yo-lib.c
Compiling to object: clang -std=c11 -c -fPIC -w /home/yiyiwang/Workspace/raylib_yo/yo-out/lib/libraylib_yo-lib.c -o /home/yiyiwang/Workspace/raylib_yo/yo-out/lib/libraylib_yo-lib.o
Creating archive: ar rcs /home/yiyiwang/Workspace/raylib_yo/yo-out/lib/libraylib_yo-lib.a /home/yiyiwang/Workspace/raylib_yo/yo-out/lib/libraylib_yo-lib.o
Successfully created static library /home/yiyiwang/Workspace/raylib_yo/yo-out/lib/libraylib_yo-lib.a
